python : [32m07-08 22:01:20.148[0m | [34m[1mDEBUG  [0m | [36msrc.logger[0m:[36minit[0m:[36m63[0m | [34m[1m
日志模块初始化完成[0m
所在位置 行:1 字符: 87
+ ... new($false);python -m src.main --no-probe-only > test_output.txt 2>&1 ...
+                 ~~~~~~~~~~~~~~~~~~~~~~~~~~~~~~~~~~~~~~~~~~~~~~~~~~~~~~~~~
    + CategoryInfo          : NotSpecified: ([32m07-08 22:0...1m日志模块初始化完成[0m:String) [], RemoteException
    + FullyQualifiedErrorId : NativeCommandError
 
[32m07-08 22:01:20.149[0m | [1mINFO   [0m | [36msrc.config_loader[0m:[36m_validate[0m:[36m142[0m | [1m配置校验通过
[0m
[32m07-08 22:01:20.149[0m | [1mINFO   [0m | [36msrc.config_loader[0m:[36mload_config[0m:[36m116[0m | [1m配置加载
完成: C:\Users\Administrator\Desktop\damai-atx-grab\config.jsonc[0m
[32m07-08 22:01:20.149[0m | [1mINFO   [0m | [36msrc.safety_guard[0m:[36m__init__[0m:[36m56[0m | [1m安全模式: 🧪 
演练模式（不提交） - 走到确认页，停在『立即提交』前，不下单[0m
[32m07-08 22:01:20.149[0m | [1mINFO   [0m | [36m__main__[0m:[36mmain[0m:[36m168[0m | [1m运行模式: 🧪 演练模式（不提交）[
0m
[32m07-08 22:01:20.149[0m | [1mINFO   [0m | [36m__main__[0m:[36mmain[0m:[36m169[0m | [1m目标演出: city=武汉 date=0
8.08[0m
[32m07-08 22:01:20.149[0m | [1mINFO   [0m | [36m__main__[0m:[36mmain[0m:[36m170[0m | [1m开售时间: 2026-07-01 20:
00:00[0m
[32m07-08 22:01:20.149[0m | [1mINFO   [0m | [36m__main__[0m:[36mmain[0m:[36m171[0m | [1m观演人: ['XXX'][0m
[32m07-08 22:01:20.150[0m | [1mINFO   [0m | [36m__main__[0m:[36mmain[0m:[36m176[0m | [1m连接设备: AN2FVB19130055
25[0m
[32m07-08 22:01:20.418[0m | [1mINFO   [0m | [36m__main__[0m:[36mmain[0m:[36m182[0m | [1m✅ 设备连接成功: NTH-AN00[
0m
[32m07-08 22:01:20.648[0m | [1mINFO   [0m | [36m__main__[0m:[36mmain[0m:[36m183[0m | [1m   屏幕: (1080, 2340)
[0m
[32m07-08 22:01:20.648[0m | [1mINFO   [0m | [36m__main__[0m:[36mmain[0m:[36m184[0m | [1m   系统: [0m
[32m07-08 22:01:20.649[0m | [1mINFO   [0m | [36msrc.phase_machine[0m:[36mrun[0m:[36m66[0m | [1m=============
=====================================[0m
[32m07-08 22:01:20.650[0m | [1mINFO   [0m | [36msrc.phase_machine[0m:[36mrun[0m:[36m67[0m | [1m抢票流程启动[0m
[32m07-08 22:01:20.650[0m | [1mINFO   [0m | [36msrc.phase_machine[0m:[36mrun[0m:[36m68[0m | [1m安全模式: 🧪 演练模式
（不提交）[0m
[32m07-08 22:01:20.650[0m | [1mINFO   [0m | [36msrc.phase_machine[0m:[36mrun[0m:[36m69[0m | [1m=============
=====================================[0m
[32m07-08 22:01:20.650[0m | [1mINFO   [0m | [36msrc.phase_machine[0m:[36mset_phase[0m:[36m90[0m | [1m阶段转换: 初
始化[0m
[32m07-08 22:01:20.837[0m | [1mINFO   [0m | [36msrc.phase_machine[0m:[36mset_phase[0m:[36m90[0m | [1m阶段转换: 等
待开售[0m
[32m07-08 22:01:20.919[0m | [1mINFO   [0m | [36msrc.phase_machine[0m:[36m_measure_rtt[0m:[36m152[0m | [1mRTT
 测量完成: 78.0ms (单次采样)[0m
[32m07-08 22:01:20.919[0m | [1mINFO   [0m | [36msrc.phase_machine[0m:[36m_run_wait[0m:[36m125[0m | [1m距离开售还有
 -612081.0 秒 (RTT补偿: 78ms)[0m
[32m07-08 22:01:20.919[0m | [33m[1mWARNING[0m | [36msrc.phase_machine[0m:[36m_run_wait[0m:[36m136[0m | [33m
[1m开售已过 612081.0 秒，跳过等待[0m
[32m07-08 22:01:20.920[0m | [1mINFO   [0m | [36msrc.phase_machine[0m:[36m_run_wait[0m:[36m138[0m | [1m⏰ 到达开售
时间！[0m
[32m07-08 22:01:20.920[0m | [1mINFO   [0m | [36msrc.phase_machine[0m:[36mset_phase[0m:[36m90[0m | [1m阶段转换: 点
击购票[0m
[32m07-08 22:01:20.920[0m | [1mINFO   [0m | [36msrc.phase_machine[0m:[36m_run_buy[0m:[36m158[0m | [1m--- 点击立
即购票 ---[0m
[32m07-08 22:01:20.920[0m | [1mINFO   [0m | [36msrc.phase_machine[0m:[36m_run_buy[0m:[36m167[0m | [1m点击购买按钮 
@ (841, 2250)[0m
[32m07-08 22:01:21.397[0m | [1mINFO   [0m | [36msrc.phase_machine[0m:[36m_poll_until_activity_change[0m:[36m22
0[0m | [1m[BUY→票档页] Activity 切换到 'cn.damai.commonbusiness.seatbiz.sku.qilin.ui.NcovSkuActivity' (轮询 1 次, 76ms)[0m
[32m07-08 22:01:21.398[0m | [1mINFO   [0m | [36msrc.phase_machine[0m:[36mset_phase[0m:[36m90[0m | [1m阶段转换: 选
择票档[0m
[32m07-08 22:01:21.398[0m | [1mINFO   [0m | [36msrc.phase_machine[0m:[36m_run_select_price[0m:[36m321[0m | [
1m--- 选择票档 ---[0m
[32m07-08 22:01:21.398[0m | [1mINFO   [0m | [36msrc.phase_machine[0m:[36m_ensure_price_page[0m:[36m235[0m | 
[1m--- 确保进入票档页 ---[0m
[32m07-08 22:01:21.495[0m | [1mINFO   [0m | [36msrc.phase_machine[0m:[36m_ensure_price_page[0m:[36m261[0m | 
[1mActivity=cn.damai.commonbusiness.seatbiz.sku.qilin.ui.NcovSkuActivity 确认在票档页，快速检测票价标记[0m
[32m07-08 22:01:21.780[0m | [1mINFO   [0m | [36msrc.phase_machine[0m:[36m_select_price_item[0m:[36m347[0m | 
[1m选择票档索引: 5[0m
[32m07-08 22:01:21.928[0m | [33m[1mWARNING[0m | [36msrc.phase_machine[0m:[36m_find_price_coords[0m:[36m417[0
m | [33m[1m所有策略均未找到票档[0m
[32m07-08 22:01:21.928[0m | [33m[1mWARNING[0m | [36msrc.phase_machine[0m:[36m_fallback_price_coords[0m:[36m63
6[0m | [33m[1m使用降级坐标 4: (295, 1408)[0m
[32m07-08 22:01:22.111[0m | [1mINFO   [0m | [36msrc.phase_machine[0m:[36m_select_price_item[0m:[36m369[0m | 
[1m选择票档 @ (295, 1408) (策略: fallback)[0m
[32m07-08 22:01:22.293[0m | [1mINFO   [0m | [36msrc.phase_machine[0m:[36mset_phase[0m:[36m90[0m | [1m阶段转换: 确
认订单[0m
[32m07-08 22:01:22.293[0m | [1mINFO   [0m | [36msrc.phase_machine[0m:[36m_run_confirm[0m:[36m751[0m | [1m---
 确认订单 ---[0m
[32m07-08 22:01:22.983[0m | [1mINFO   [0m | [36msrc.phase_machine[0m:[36m_poll_until_activity_change[0m:[36m22
0[0m | [1m[CONFIRM→订单页] Activity 切换到 'cn.damai.ultron.view.activity.DmOrderActivity' (轮询 1 次, 102ms)[0m
[32m07-08 22:01:22.983[0m | [1mINFO   [0m | [36msrc.phase_machine[0m:[36m_run_confirm[0m:[36m782[0m | [1m查找提
交按钮...[0m
[32m07-08 22:01:23.426[0m | [1mINFO   [0m | [36msrc.phase_machine[0m:[36m_find_submit_btn_coords[0m:[36m670[0
m | [1m文本匹配「立即提交」-> @(822, 2251)[0m
[32m07-08 22:01:23.426[0m | [1mINFO   [0m | [36msrc.phase_machine[0m:[36m_run_confirm[0m:[36m794[0m | [1m已缓存
提交按钮坐标: (822, 2251) (查找耗时: 341ms)[0m
[32m07-08 22:01:23.427[0m | [1mINFO   [0m | [36msrc.phase_machine[0m:[36m_run_confirm[0m:[36m806[0m | [1m已进入
订单页，提交按钮已定位[0m
[32m07-08 22:01:23.427[0m | [1mINFO   [0m | [36msrc.phase_machine[0m:[36m_run_confirm[0m:[36m809[0m | [1m等待页
面稳定（100ms）...[0m
[32m07-08 22:01:23.528[0m | [1mINFO   [0m | [36msrc.phase_machine[0m:[36m_run_confirm[0m:[36m813[0m | [1m点击「
立即提交」...[0m
[32m07-08 22:01:23.724[0m | [1mINFO   [0m | [36msrc.phase_machine[0m:[36m_run_confirm[0m:[36m815[0m | [1m已点击
提交按钮 @ (822, 2251)[0m
[32m07-08 22:01:23.725[0m | [1mINFO   [0m | [36msrc.phase_machine[0m:[36mset_phase[0m:[36m90[0m | [1m阶段转换: 完
成[0m
[32m07-08 22:01:23.725[0m | [1mINFO   [0m | [36msrc.phase_machine[0m:[36m_run_confirm[0m:[36m819[0m | [1m===
===============================================[0m
[32m07-08 22:01:23.725[0m | [1mINFO   [0m | [36msrc.phase_machine[0m:[36m_run_confirm[0m:[36m820[0m | [1m🎉 
订单已提交，请在手机上手动完成支付[0m
[32m07-08 22:01:23.726[0m | [1mINFO   [0m | [36msrc.phase_machine[0m:[36m_run_confirm[0m:[36m821[0m | [1m===
===============================================[0m
[32m07-08 22:01:23.726[0m | [1mINFO   [0m | [36msrc.phase_machine[0m:[36mrun[0m:[36m84[0m | [1m最终状态: 完成[0m
